------------------------------------------------------------
Timing Analyzer Summary
------------------------------------------------------------

Type  : Slow 1100mV 85C Model Setup 'clk'
Slack : -1.986
TNS   : -78.407

Type  : Slow 1100mV 85C Model Hold 'clk'
Slack : 0.453
TNS   : 0.000

Type  : Slow 1100mV 85C Model Minimum Pulse Width 'clk'
Slack : -0.724
TNS   : -50.101

Type  : Slow 1100mV 0C Model Setup 'clk'
Slack : -2.217
TNS   : -76.131

Type  : Slow 1100mV 0C Model Hold 'clk'
Slack : 0.438
TNS   : 0.000

Type  : Slow 1100mV 0C Model Minimum Pulse Width 'clk'
Slack : -0.724
TNS   : -50.051

Type  : Fast 1100mV 85C Model Setup 'clk'
Slack : -0.141
TNS   : -4.420

Type  : Fast 1100mV 85C Model Hold 'clk'
Slack : 0.182
TNS   : 0.000

Type  : Fast 1100mV 85C Model Minimum Pulse Width 'clk'
Slack : -0.091
TNS   : -3.959

Type  : Fast 1100mV 0C Model Setup 'clk'
Slack : -0.126
TNS   : -0.694

Type  : Fast 1100mV 0C Model Hold 'clk'
Slack : 0.173
TNS   : 0.000

Type  : Fast 1100mV 0C Model Minimum Pulse Width 'clk'
Slack : -0.091
TNS   : -3.951

------------------------------------------------------------
